case_id: variable_length_segmented_dim3
expect_valid: true
expected_error: none
schema_version: 1
direction: factor_to_var
transport_direction: factor_to_var
bank: 6
slot: 2
dim: 3
eta_len: 3
lam_len: 6
segment_payload_words: 4,5
segment_word_data: 0x3f800000,0x40000000,0x40400000,0x40800000,0x40a00000,0x40c00000,0x40e00000,0x41000000,0x41100000,0xdeadbeef
expected_eta: 1.0,2.0,3.0
expected_lam: 4.0,5.0,6.0,7.0,8.0,9.0
expected_remaining_words: 1
